[cdn.shopify.com/s/files/1/0003/0890/4002/products/ptU2hYQuUE_1024x102485ab.jpg]
[backblue.gif]
[fade.gif]
[index.html]
[cdn.glitch.com/85108aa9-775f-4393-b547-d8ba9c77157f/baa316563ee40de0cb5dfa50c54a95c215cb.png]
[mc.yandex.ru/metrika/tag.js]
[gnargebot.glitch.me/img/banner/about3.png]
[i.ytimg.com/vi/XcLJ2ag7NEA/maxresdefault.jpg]
[cdn.discordapp.com/attachments/584735856989044776/586886192990126103/THUMNAIL.png]
[images.dmca.com/Badges/dmca_protected_sml_120m8a2b.png]
[images.dmca.com/Badges/DMCABadgeHelper.min.zip]
[gnargebot.glitch.me/js/jquery-2.2.4.min.js]
[gnargebot.glitch.me/js/popper.js]
[gnargebot.glitch.me/js/bootstrap.min.js]
[gnargebot.glitch.me/vendors/owl-carousel/owl.carousel.min.js]
[gnargebot.glitch.me/js/jquery.ajaxchimp.min.js]
[gnargebot.glitch.me/js/waypoints.min.js]
[gnargebot.glitch.me/js/mail-script.js]
[gnargebot.glitch.me/js/contact.js]
[gnargebot.glitch.me/js/jquery.form.js]
[gnargebot.glitch.me/js/jquery.validate.min.js]
[gnargebot.glitch.me/js/theme.js]
[gnargebot.glitch.me/index.html]
[gnargebot.glitch.me/css/bootstrap.css]
[gnargebot.glitch.me/css/themify-icons.css]
[gnargebot.glitch.me/vendors/fontawesome/webfonts/fa-brands-400.eot]
[gnargebot.glitch.me/vendors/fontawesome/webfonts/fa-brands-400d41d.eot]
[gnargebot.glitch.me/vendors/fontawesome/webfonts/fa-brands-400.woff2]
[gnargebot.glitch.me/vendors/fontawesome/webfonts/fa-brands-400.woff]
[gnargebot.glitch.me/vendors/fontawesome/webfonts/fa-brands-400.ttf]
[gnargebot.glitch.me/vendors/fontawesome/webfonts/fa-regular-400.eot]
[gnargebot.glitch.me/vendors/fontawesome/webfonts/fa-regular-400d41d.eot]
[gnargebot.glitch.me/vendors/fontawesome/webfonts/fa-regular-400.woff2]
[gnargebot.glitch.me/vendors/fontawesome/webfonts/fa-regular-400.woff]
[gnargebot.glitch.me/vendors/fontawesome/webfonts/fa-regular-400.ttf]
[gnargebot.glitch.me/vendors/fontawesome/webfonts/fa-solid-900.eot]
[gnargebot.glitch.me/vendors/fontawesome/webfonts/fa-solid-900d41d.eot]
[gnargebot.glitch.me/vendors/fontawesome/webfonts/fa-solid-900.woff2]
[gnargebot.glitch.me/vendors/fontawesome/webfonts/fa-solid-900.woff]
[gnargebot.glitch.me/vendors/fontawesome/webfonts/fa-solid-900.ttf]
[gnargebot.glitch.me/vendors/fontawesome/css/all.min.css]
[gnargebot.glitch.me/vendors/owl-carousel/owl.carousel.min.css]
[gnargebot.glitch.me/vendors/animate-css/animate.css]
[gnargebot.glitch.me/img/banner/home-banner.jpg]
[gnargebot.glitch.me/img/banner/banner.jpg]
[gnargebot.glitch.me/img/background/pattern1.png]
[gnargebot.glitch.me/img/elements/disabled-check.png]
[gnargebot.glitch.me/img/elements/disabled-radio.png]
[gnargebot.glitch.me/img/background/pattern2.png]
[gnargebot.glitch.me/img/banner/about1.png]
[gnargebot.glitch.me/img/banner/about2.png]
[gnargebot.glitch.me/css/style.css]
[gnargebot.glitch.me/css/responsive.css]
[gnargebot.glitch.me/style.css]
[gnargebot.glitch.me/index-2.html]
[gnargebot.glitch.me/img/logo.png]
[gnargebot.glitch.me/komutlar.html]
[cdnjs.cloudflare.com/ajax/libs/font-awesome/4.7.0/css/font-awesome.css]
[gnargebot.glitch.me/özellikler.html]
[i.ytimg.com/vi/FMjfJcOW22w/maxresdefault.jpg]
[gnargebot.glitch.me/img/blog/main-blog/m-blog-2.jpg]
[gnargebot.glitch.me/img/blog/main-blog/m-blog-3.jpg]
[gnargebot.glitch.me/img/blog/main-blog/m-blog-4.jpg]
[gnargebot.glitch.me/img/blog/main-blog/m-blog-5.jpg]
[gnargebot.glitch.me/img/blog/popular-post/post1.jpg]
[gnargebot.glitch.me/img/blog/popular-post/post2.jpg]
[gnargebot.glitch.me/img/blog/popular-post/post3.jpg]
[gnargebot.glitch.me/img/blog/popular-post/post4.jpg]
[gnargebot.glitch.me/blog.html]
[gnargebot.glitch.me/iletisim.html]
[gnargebot.glitch.me/yakında.html]
[gnargebot.glitch.me/fonts/themify9f24.eot]
[gnargebot.glitch.me/fonts/themifyd41d.eot]
[gnargebot.glitch.me/fonts/themify9f24.woff]
[gnargebot.glitch.me/fonts/themify9f24.ttf]
[gnargebot.glitch.me/fonts/themify9f24.svg]
[gnargebot.glitch.me/vendors/fontawesome/webfonts/fa-brands-400.svg]
[gnargebot.glitch.me/vendors/fontawesome/webfonts/fa-regular-400.svg]
[gnargebot.glitch.me/vendors/fontawesome/webfonts/fa-solid-900.svg]
[gnargebot.glitch.me/vendors/owl-carousel/owl.video.play.png]
[gnargebot.glitch.me/img/banner/banner-2.jpg]
[gnargebot.glitch.me/img/elements/primary-check.png]
[gnargebot.glitch.me/img/elements/success-check.png]
[gnargebot.glitch.me/img/elements/primary-radio.png]
[gnargebot.glitch.me/img/elements/success-radio.png]
[gnargebot.glitch.me/img/icon/cotation.png]
[gnargebot.glitch.me/img/elements/single_bg.png]
[cdnjs.cloudflare.com/ajax/libs/font-awesome/4.7.0/css/font-awesome.css]
[gnargebot.glitch.me/img/logo/1.png]
[gnargebot.glitch.me/img/logo/2.png]
[gnargebot.glitch.me/img/logo/3.png]
[gnargebot.glitch.me/img/logo/4.png]
[gnargebot.glitch.me/img/logo/5.png]
[gnargebot.glitch.me/img/favicon.png]
[gnargebot.glitch.me/img/blog/prev.jpg]
[gnargebot.glitch.me/img/blog/next.jpg]
[gnargebot.glitch.me/img/blog/author.png]
[gnargebot.glitch.me/img/blog/c1.png]
[gnargebot.glitch.me/img/blog/c2.png]
[gnargebot.glitch.me/img/blog/c3.png]
[gnargebot.glitch.me/tek-blog.html]
[gnargebot.glitch.me/single-blog.html]
[gnargebot.glitch.me/img/instagram/widget-i1.png]
[gnargebot.glitch.me/img/instagram/widget-i2.png]
[gnargebot.glitch.me/img/instagram/widget-i3.png]
[gnargebot.glitch.me/img/instagram/widget-i4.png]
[gnargebot.glitch.me/img/instagram/widget-i5.png]
[gnargebot.glitch.me/img/instagram/widget-i6.png]
[gnargebot.glitch.me/feature.html]
[gnargebot.glitch.me/price.html]
[gnargebot.glitch.me/contact.html]
